// Jest Snapshot v1, https://goo.gl/fbAQLP

exports[`About Component matches snapshot DOM node structure 1`] = `<DocumentFragment />`;
